[2016/02/01 11:16:54 CST] [INFO] (_/Library/WebServer/Documents/skypro/go/jasongo/com.application.system/log.initLogger:39) Current time is : 11:16:54 CST 2016/02/01
[2016/02/01 11:16:54 CST] [DEBG] (_/Library/WebServer/Documents/skypro/go/jasongo/com.application.system/log.logDebug:68) server.go
[2016/02/01 11:16:54 CST] [DEBG] (_/Library/WebServer/Documents/skypro/go/jasongo/com.application.system/log.logDebug:69) init server.go
[2016/02/01 11:16:54 CST] [DEBG] (_/Library/WebServer/Documents/skypro/go/jasongo/com.application.system/log.logDebug:70) 14
